Hello from the Antigravity Protocol!
This file was written automatically.